// Jest Snapshot v1, https://goo.gl/fbAQLP

exports[`LocationHeader should render 1`] = `
<DocumentFragment>
  <h2
    class="MuiTypography-root MuiTypography-h6 MuiTypography-colorPrimary MuiTypography-gutterBottom"
  >
    Location
  </h2>
  <p
    class="MuiTypography-root MuiTypography-h4"
    style="padding-top: 20px;"
  >
    Hogwarts
  </p>
</DocumentFragment>
`;
