// Jest Snapshot v1, https://goo.gl/fbAQLP

exports[`RecentJumpEvents should render 1`] = `
<DocumentFragment>
  <h2
    class="MuiTypography-root MuiTypography-h6 MuiTypography-colorPrimary MuiTypography-gutterBottom"
  >
    Recent Jump Events
  </h2>
  <table
    class="MuiTable-root"
  >
    <thead
      class="MuiTableHead-root"
    >
      <tr
        class="MuiTableRow-root MuiTableRow-head"
      >
        <th
          class="MuiTableCell-root MuiTableCell-head MuiTableCell-sizeSmall"
          scope="col"
        >
          Date
        </th>
        <th
          class="MuiTableCell-root MuiTableCell-head MuiTableCell-sizeSmall"
          scope="col"
        >
          Jump Name
        </th>
        <th
          class="MuiTableCell-root MuiTableCell-head MuiTableCell-sizeSmall"
          scope="col"
        >
          Rider Mass (lbs) 
        </th>
        <th
          class="MuiTableCell-root MuiTableCell-head MuiTableCell-sizeSmall"
          scope="col"
        >
          Rider Speed (mph) 
        </th>
      </tr>
    </thead>
    <tbody
      class="MuiTableBody-root"
    >
      <tr
        class="MuiTableRow-root"
      >
        <td
          class="MuiTableCell-root MuiTableCell-body MuiTableCell-sizeSmall"
        >
          Invalid date
        </td>
        <td
          class="MuiTableCell-root MuiTableCell-body MuiTableCell-sizeSmall"
        >
          Jump3
        </td>
        <td
          class="MuiTableCell-root MuiTableCell-body MuiTableCell-sizeSmall"
        >
          22
        </td>
        <td
          class="MuiTableCell-root MuiTableCell-body MuiTableCell-sizeSmall"
        >
          12
        </td>
      </tr>
    </tbody>
  </table>
</DocumentFragment>
`;
