// Jest Snapshot v1, https://goo.gl/fbAQLP

exports[`Reports should render 1`] = `
<DocumentFragment>
  <div>
    <div
      class="MuiPaper-root MuiPaper-elevation1 MuiPaper-rounded"
      style="margin-bottom: 20px; padding: 20px;"
    >
      <h2
        class="MuiTypography-root MuiTypography-h6 MuiTypography-colorPrimary MuiTypography-gutterBottom"
      >
        Location
      </h2>
      <p
        class="MuiTypography-root MuiTypography-h4"
        style="padding-top: 20px;"
      >
        Hogwarts
      </p>
    </div>
    <div
      class="MuiGrid-root MuiGrid-container MuiGrid-spacing-xs-3"
    >
      <div
        class="MuiGrid-root MuiGrid-item MuiGrid-grid-xs-12"
      >
        <div
          class="MuiPaper-root makeStyles-paper-1 MuiPaper-elevation1 MuiPaper-rounded"
        >
          <h2
            class="MuiTypography-root MuiTypography-h6 MuiTypography-colorPrimary MuiTypography-gutterBottom"
          >
            Jump1 Jump Events
          </h2>
          <table
            class="MuiTable-root"
          >
            <thead
              class="MuiTableHead-root"
            >
              <tr
                class="MuiTableRow-root MuiTableRow-head"
              >
                <th
                  class="MuiTableCell-root MuiTableCell-head MuiTableCell-sizeSmall"
                  scope="col"
                >
                  Date
                </th>
                <th
                  class="MuiTableCell-root MuiTableCell-head MuiTableCell-sizeSmall"
                  scope="col"
                >
                  Rider Mass (lbs) 
                </th>
                <th
                  class="MuiTableCell-root MuiTableCell-head MuiTableCell-sizeSmall"
                  scope="col"
                >
                  Rider Speed (mph) 
                </th>
              </tr>
            </thead>
            <tbody
              class="MuiTableBody-root"
            />
          </table>
        </div>
      </div>
      <div
        class="MuiGrid-root MuiGrid-item MuiGrid-grid-xs-12"
      >
        <div
          class="MuiPaper-root makeStyles-paper-1 MuiPaper-elevation1 MuiPaper-rounded"
        >
          <h2
            class="MuiTypography-root MuiTypography-h6 MuiTypography-colorPrimary MuiTypography-gutterBottom"
          >
            Jump2 Jump Events
          </h2>
          <table
            class="MuiTable-root"
          >
            <thead
              class="MuiTableHead-root"
            >
              <tr
                class="MuiTableRow-root MuiTableRow-head"
              >
                <th
                  class="MuiTableCell-root MuiTableCell-head MuiTableCell-sizeSmall"
                  scope="col"
                >
                  Date
                </th>
                <th
                  class="MuiTableCell-root MuiTableCell-head MuiTableCell-sizeSmall"
                  scope="col"
                >
                  Rider Mass (lbs) 
                </th>
                <th
                  class="MuiTableCell-root MuiTableCell-head MuiTableCell-sizeSmall"
                  scope="col"
                >
                  Rider Speed (mph) 
                </th>
              </tr>
            </thead>
            <tbody
              class="MuiTableBody-root"
            />
          </table>
        </div>
      </div>
      <div
        class="MuiGrid-root MuiGrid-item MuiGrid-grid-xs-12"
      >
        <div
          class="MuiPaper-root makeStyles-paper-1 MuiPaper-elevation1 MuiPaper-rounded"
        >
          <h2
            class="MuiTypography-root MuiTypography-h6 MuiTypography-colorPrimary MuiTypography-gutterBottom"
          >
            Jump3 Jump Events
          </h2>
          <table
            class="MuiTable-root"
          >
            <thead
              class="MuiTableHead-root"
            >
              <tr
                class="MuiTableRow-root MuiTableRow-head"
              >
                <th
                  class="MuiTableCell-root MuiTableCell-head MuiTableCell-sizeSmall"
                  scope="col"
                >
                  Date
                </th>
                <th
                  class="MuiTableCell-root MuiTableCell-head MuiTableCell-sizeSmall"
                  scope="col"
                >
                  Rider Mass (lbs) 
                </th>
                <th
                  class="MuiTableCell-root MuiTableCell-head MuiTableCell-sizeSmall"
                  scope="col"
                >
                  Rider Speed (mph) 
                </th>
              </tr>
            </thead>
            <tbody
              class="MuiTableBody-root"
            >
              <tr
                class="MuiTableRow-root"
              >
                <td
                  class="MuiTableCell-root MuiTableCell-body MuiTableCell-sizeSmall"
                >
                  Invalid date
                </td>
                <td
                  class="MuiTableCell-root MuiTableCell-body MuiTableCell-sizeSmall"
                >
                  22
                </td>
                <td
                  class="MuiTableCell-root MuiTableCell-body MuiTableCell-sizeSmall"
                >
                  12
                </td>
              </tr>
            </tbody>
          </table>
        </div>
      </div>
    </div>
  </div>
</DocumentFragment>
`;
